
> react-kavia@0.1.0 start
> cross-env EDIT_MODE=true webpack serve --config .ve/webpack.config.js --mode development

<i> [webpack-dev-server] Project is running at:
<i> [webpack-dev-server] Loopback: http://localhost:3000/, http://[::1]:3000/
<i> [webpack-dev-server] On Your Network (IPv4): http://172.17.0.2:3000/
<i> [webpack-dev-server] Content not from webpack is served from './public' directory
Injecting EditorRootWrapper import: ../.ve/EditorRootWrapper
asset bundle.js 1.82 MiB [emitted] (name: main)
asset index.html 682 bytes [emitted]
runtime modules 28.7 KiB 15 modules
cacheable modules 1.63 MiB
  modules by path ./node_modules/ 1.54 MiB 34 modules
  modules by path ./src/ 73.6 KiB
    modules by path ./src/pages/*.js 34.1 KiB 13 modules
    modules by path ./src/*.css 16.9 KiB 4 modules
    modules by path ./src/widgets/*.js 11.9 KiB 3 modules
    modules by path ./src/*.js 7.42 KiB 2 modules
    modules by path ./src/components/*.js 3.28 KiB 2 modules
  modules by path ./.ve/ 15.1 KiB
    modules by path ./.ve/*.js 10.6 KiB 2 modules
    modules by path ./.ve/*.css 2.93 KiB 2 modules
    ./.ve/EditorOverlay.jsx 1.58 KiB [built] [code generated]
webpack 5.99.9 compiled successfully in 1591 ms
assets by status 682 bytes [cached] 1 asset
assets by path *.js 1.84 MiB
  asset bundle.js 1.83 MiB [emitted] (name: main)
  asset main.921dea5fb624a89147de.hot-update.js 11.5 KiB [emitted] [immutable] [hmr] (name: main)
asset main.921dea5fb624a89147de.hot-update.json 28 bytes [emitted] [immutable] [hmr]
Entrypoint main 1.84 MiB = bundle.js 1.83 MiB main.921dea5fb624a89147de.hot-update.js 11.5 KiB
cached modules 1.62 MiB [cached] 61 modules
runtime modules 28.7 KiB 15 modules
javascript modules 8.76 KiB
  ./src/pages/Dashboard.js 1.33 KiB [code generated]
  ./src/widgets/index.js 274 bytes [built] [code generated]
  ./src/widgets/RealTimeAlertsPanel.js 7.17 KiB [built] [code generated]
webpack 5.99.9 compiled successfully in 119 ms
assets by status 682 bytes [cached] 1 asset
assets by path *.js 1.83 MiB
  asset bundle.js 1.83 MiB [emitted] (name: main)
  asset main.d6580af33c3f431cc36b.hot-update.js 3.53 KiB [emitted] [immutable] [hmr] (name: main)
asset main.d6580af33c3f431cc36b.hot-update.json 28 bytes [emitted] [immutable] [hmr]
Entrypoint main 1.83 MiB = bundle.js 1.83 MiB main.d6580af33c3f431cc36b.hot-update.js 3.53 KiB
cached modules 1.63 MiB [cached] 63 modules
runtime modules 28.7 KiB 15 modules
./src/pages/Dashboard.js 1.35 KiB [built] [code generated]
webpack 5.99.9 compiled successfully in 54 ms
assets by status 682 bytes [cached] 1 asset
assets by path *.js 1.83 MiB
  asset bundle.js 1.83 MiB [emitted] (name: main)
  asset main.dfa2c6dfbaa33dc5f23e.hot-update.js 3.73 KiB [emitted] [immutable] [hmr] (name: main)
asset main.dfa2c6dfbaa33dc5f23e.hot-update.json 28 bytes [emitted] [immutable] [hmr]
Entrypoint main 1.83 MiB = bundle.js 1.83 MiB main.dfa2c6dfbaa33dc5f23e.hot-update.js 3.73 KiB
cached modules 1.63 MiB [cached] 63 modules
runtime modules 28.7 KiB 15 modules
./src/pages/Dashboard.js 1.45 KiB [built] [code generated]
webpack 5.99.9 compiled successfully in 58 ms
